[
    {
      "name": "graph",
      "action": "count",
      "text": "attributeMetadataList",
      "value": 6
    },
    {
      "name": "graph",
      "action": "count",
      "text": "nodeList",
      "value": 4
    },
    {
      "name": "graph",
      "action": "count",
      "text": "edgeList",
      "value": 3
    },
    {
      "name": "attributeMetadataList",
      "action": "count",
      "text": "alpha",
      "value": 3
    },
    {
      "name": "attributeMetadataList",
      "action": "count",
      "text": "beta",
      "value": 1
    },
    {
      "name": "nodeList",
      "action": "count",
      "text": "alpha",
      "value": 2
    },
    {
      "name": "edgeList",
      "action": "count",
      "text": "alpha",
      "value": 3
    },
    {
      "name": "edgeList",
      "action": "count",
      "text": "delta",
      "value": 1
    },
    {
      "name": "attributeMetadataList unitText",
      "action": "count",
      "text": "km",
      "value": 1
    },
    {
      "name": "attributeMetadataList unitText",
      "action": "count",
      "text": "GBP",
      "value": 2
    },
    {
      "name": "attributeMetadataList",
      "action": "empty count",
      "text": "name",
      "value": 1
    },
    {
      "name": "attributeMetadataList",
      "action": "empty count",
      "text": "alternateName",
      "value": 4
    },
    {
      "name": "attributeMetadataList",
      "action": "empty count",
      "text": "unitText",
      "value": 2
    },
    {
      "name": "attributeMetadataList",
      "action": "empty count",
      "text": "tagSet",
      "value": 2
    },
    {
      "name": "attributeMetadataList",
      "action": "count",
      "text": "duplicate",
      "value": 0
    },
    {
      "name": "attributeMetadataList",
      "action": "count",
      "text": "unused",
      "value": 3
    },
    {
      "name": "attributeMetadataList",
      "action": "count",
      "text": "declared",
      "value": 6
    },
    {
      "name": "attributeMetadataList",
      "action": "count",
      "text": "undeclared",
      "value": 1
    },
    {
      "name": "nodeList",
      "action": "unique count",
      "text": "used",
      "value": 1
    },
    {
      "name": "edgeList",
      "action": "unique count",
      "text": "used",
      "value": 3
    },
    {
      "name": "nodeList edgeList",
      "action": "unique intersection",
      "text": "used",
      "value": 0
    },
    {
      "name": "nodeList",
      "action": "count",
      "text": "used",
      "value": 4
    },
    {
      "name": "edgeList",
      "action": "count",
      "text": "used",
      "value": 5
    },
    {
      "name": "nodeList",
      "action": "count min",
      "text": "",
      "value": 4
    },
    {
      "name": "nodeList",
      "action": "count min",
      "text": "",
      "value": 1
    },
    {
      "name": "nodeList",
      "action": "count max",
      "text": "",
      "value": 1
    },
    {
      "name": "nodeList",
      "action": "count median",
      "text": "",
      "value": 1
    },
    {
      "name": "nodeList",
      "action": "count",
      "text": "frequency 1",
      "value": 4
    },
    {
      "name": "nodeList",
      "action": "count",
      "text": "frequency 2",
      "value": 0
    },
    {
      "name": "nodeList",
      "action": "count",
      "text": "frequency 3",
      "value": 0
    },
    {
      "name": "nodeList",
      "action": "count",
      "text": "frequency 4",
      "value": 0
    },
    {
      "name": "nodeList",
      "action": "count",
      "text": "frequency 5+",
      "value": 0
    },
    {
      "name": "edgeList",
      "action": "count min",
      "text": "",
      "value": 1
    },
    {
      "name": "edgeList",
      "action": "count max",
      "text": "",
      "value": 2
    },
    {
      "name": "edgeList",
      "action": "count median",
      "text": "",
      "value": 2
    },
    {
      "name": "edgeList",
      "action": "count",
      "text": "frequency 1",
      "value": 1
    },
    {
      "name": "edgeList",
      "action": "count",
      "text": "frequency 2",
      "value": 2
    },
    {
      "name": "edgeList",
      "action": "count",
      "text": "frequency 3",
      "value": 0
    },
    {
      "name": "edgeList",
      "action": "count",
      "text": "frequency 4",
      "value": 0
    },
    {
      "name": "edgeList",
      "action": "count",
      "text": "frequency 5+",
      "value": 0
    },
    {
      "name": "nodeList value",
      "action": "count min",
      "text": "chars",
      "value": 3
    },
    {
      "name": "nodeList value",
      "action": "count max",
      "text": "chars",
      "value": 6
    },
    {
      "name": "nodeList value",
      "action": "count median",
      "text": "chars",
      "value": 4.5
    },
    {
      "name": "nodeList value",
      "action": "count quartile first",
      "text": "chars",
      "value": 3.75
    },
    {
      "name": "nodeList value",
      "action": "count quartile third",
      "text": "chars",
      "value": 5.25
    },
    {
      "name": "nodeList value",
      "action": "count min",
      "text": "words",
      "value": 1
    },
    {
      "name": "nodeList value",
      "action": "count max",
      "text": "words",
      "value": 1
    },
    {
      "name": "nodeList value",
      "action": "count median",
      "text": "words",
      "value": 1
    },
    {
      "name": "nodeList value charpage ",
      "action": "count",
      "text": "1",
      "value": 4
    },
    {
      "name": "nodeList value charpage ",
      "action": "count",
      "text": "2",
      "value": 14
    },
    {
      "name": "edgeList value",
      "action": "count min",
      "text": "chars",
      "value": 2
    },
    {
      "name": "edgeList value",
      "action": "count max",
      "text": "chars",
      "value": 3
    },
    {
      "name": "edgeList value",
      "action": "count median",
      "text": "chars",
      "value": 3
    },
    {
      "name": "edgeList value",
      "action": "count quartile first",
      "text": "chars",
      "value": 2
    },
    {
      "name": "edgeList value",
      "action": "count quartile third",
      "text": "chars",
      "value": 3
    },
    {
      "name": "edgeList value",
      "action": "count min",
      "text": "words",
      "value": 1
    },
    {
      "name": "edgeList value",
      "action": "count max",
      "text": "words",
      "value": 1
    },
    {
      "name": "edgeList value",
      "action": "count median",
      "text": "words",
      "value": 1
    },
    {
      "name": "edgeList value charpage ",
      "action": "count",
      "text": "1",
      "value": 13
    },
    {
      "name": "nodeList optionalValueList",
      "action": "count min",
      "text": "chars",
      "value": 1
    },
    {
      "name": "nodeList optionalValueList",
      "action": "count max",
      "text": "chars",
      "value": 4
    },
    {
      "name": "nodeList optionalValueList",
      "action": "count median",
      "text": "chars",
      "value": 3
    },
    {
      "name": "nodeList optionalValueList",
      "action": "count quartile first",
      "text": "chars",
      "value": 2
    },
    {
      "name": "nodeList optionalValueList",
      "action": "count quartile third",
      "text": "chars",
      "value": 3.5
    },
    {
      "name": "nodeList optionalValueList",
      "action": "count min",
      "text": "words",
      "value": 1
    },
    {
      "name": "nodeList optionalValueList",
      "action": "count max",
      "text": "words",
      "value": 1
    },
    {
      "name": "nodeList optionalValueList",
      "action": "count median",
      "text": "words",
      "value": 1
    },
    {
      "name": "nodeList optionalValueList charpage ",
      "action": "count",
      "text": "125",
      "value": 2
    },
    {
      "name": "nodeList optionalValueList charpage ",
      "action": "count",
      "text": "126",
      "value": 2
    },
    {
      "name": "nodeList optionalValueList charpage ",
      "action": "count",
      "text": "273",
      "value": 1
    },
    {
      "name": "nodeList optionalValueList charpage ",
      "action": "count",
      "text": "349",
      "value": 1
    },
    {
      "name": "nodeList optionalValueList charpage ",
      "action": "count",
      "text": "366",
      "value": 1
    },
    {
      "name": "nodeList optionalValueList charpage ",
      "action": "count",
      "text": "392",
      "value": 1
    },
    {
      "name": "edgeList optionalValueList",
      "action": "count min",
      "text": "chars",
      "value": 2
    },
    {
      "name": "edgeList optionalValueList",
      "action": "count max",
      "text": "chars",
      "value": 2
    },
    {
      "name": "edgeList optionalValueList",
      "action": "count median",
      "text": "chars",
      "value": 2
    },
    {
      "name": "edgeList optionalValueList",
      "action": "count quartile first",
      "text": "chars",
      "value": 2
    },
    {
      "name": "edgeList optionalValueList",
      "action": "count quartile third",
      "text": "chars",
      "value": 2
    },
    {
      "name": "edgeList optionalValueList",
      "action": "count min",
      "text": "words",
      "value": 1
    },
    {
      "name": "edgeList optionalValueList",
      "action": "count max",
      "text": "words",
      "value": 1
    },
    {
      "name": "edgeList optionalValueList",
      "action": "count median",
      "text": "words",
      "value": 1
    },
    {
      "name": "edgeList optionalValueList charpage ",
      "action": "count",
      "text": "1286",
      "value": 3
    },
    {
      "name": "name",
      "action": "count min",
      "text": "chars",
      "value": 0
    },
    {
      "name": "name",
      "action": "count max",
      "text": "chars",
      "value": 16
    },
    {
      "name": "name",
      "action": "count median",
      "text": "chars",
      "value": 7.5
    },
    {
      "name": "name",
      "action": "count quartile first",
      "text": "chars",
      "value": 4.25
    },
    {
      "name": "name",
      "action": "count quartile third",
      "text": "chars",
      "value": 10.75
    },
    {
      "name": "name",
      "action": "count min",
      "text": "words",
      "value": 1
    },
    {
      "name": "name",
      "action": "count max",
      "text": "words",
      "value": 3
    },
    {
      "name": "name",
      "action": "count median",
      "text": "words",
      "value": 1.5
    },
    {
      "name": "name charpage ",
      "action": "count",
      "text": "1",
      "value": 15
    },
    {
      "name": "name charpage ",
      "action": "count",
      "text": "2",
      "value": 31
    },
    {
      "name": "alternateName",
      "action": "count min",
      "text": "chars",
      "value": 0
    },
    {
      "name": "alternateName",
      "action": "count max",
      "text": "chars",
      "value": 5
    },
    {
      "name": "alternateName",
      "action": "count median",
      "text": "chars",
      "value": 0
    },
    {
      "name": "alternateName",
      "action": "count quartile first",
      "text": "chars",
      "value": 0
    },
    {
      "name": "alternateName",
      "action": "count quartile third",
      "text": "chars",
      "value": 1.5
    },
    {
      "name": "alternateName",
      "action": "count min",
      "text": "words",
      "value": 1
    },
    {
      "name": "alternateName",
      "action": "count max",
      "text": "words",
      "value": 1
    },
    {
      "name": "alternateName",
      "action": "count median",
      "text": "words",
      "value": 1
    },
    {
      "name": "alternateName charpage ",
      "action": "count",
      "text": "1",
      "value": 2
    },
    {
      "name": "alternateName charpage ",
      "action": "count",
      "text": "2",
      "value": 3
    },
    {
      "name": "alternateName charpage ",
      "action": "count",
      "text": "243",
      "value": 1
    },
    {
      "name": "alternateName charpage ",
      "action": "count",
      "text": "369",
      "value": 1
    }
  ]